prompt tokens used before this invocation: 136472 of 2000000
note: glm-4.5-flash is not in zai /models
20:44:36 glm-4.5-flash    T1 run 1: stop=done valid=true first=true failedBatches=0 checks=4/4 req=2 prompt=7767 peak=4115 22s budget=148175 
20:44:52 nemotron-3-ultra T1 run 1: stop=done valid=true first=true failedBatches=0 checks=4/4 req=2 prompt=8345 peak=4409 38s budget=152584 
20:44:54 gemma4:31b       T1 run 1: stop=done valid=true first=true failedBatches=0 checks=4/4 req=2 prompt=7928 peak=4201 2s budget=160512 
20:47:07 nemotron-3-ultra T2 run 1: stop=done valid=true first=false failedBatches=1 checks=10/10 req=4 prompt=18574 peak=5272 132s budget=209655 
20:47:09 glm-4.5-flash    T2 run 1: stop=repair limit valid=false first=false failedBatches=5 checks=0/1 req=8 prompt=36456 peak=5887 153s budget=219458 
20:47:09 gemma4:31b       T2 run 1: stop=done valid=true first=true failedBatches=0 checks=10/10 req=2 prompt=8362 peak=4446 3s budget=223904 
20:48:01 glm-4.5-flash    T3 run 1: stop=done valid=true first=false failedBatches=1 checks=5/5 req=8 prompt=37664 peak=5395 52s budget=289516 
20:48:01 nemotron-3-ultra T3 run 1: stop=done valid=true first=true failedBatches=0 checks=5/5 req=7 prompt=33275 peak=5327 52s budget=294843 
20:48:04 gemma4:31b       T3 run 1: stop=done valid=true first=true failedBatches=0 checks=5/5 req=2 prompt=8611 peak=4722 3s budget=303454 
20:52:02 glm-4.5-flash    T4 run 1: stop=request cap valid=false first=false failedBatches=4 checks=2/13 req=16 prompt=94747 peak=10155 241s budget=419563 
20:52:35 glm-4.5-flash    T1 run 2: stop=done valid=true first=true failedBatches=0 checks=4/4 req=2 prompt=7753 peak=4101 32s budget=427316 
20:53:40 nemotron-3-ultra T4 run 1: stop=done valid=true first=false failedBatches=2 checks=13/13 req=6 prompt=41952 peak=11215 336s budget=468192 
20:54:07 gemma4:31b       T4 run 1: stop=repair limit valid=false first=false failedBatches=5 checks=2/13 req=6 prompt=41634 peak=10253 27s budget=514937 
20:54:17 glm-4.5-flash    T2 run 2: stop=done valid=true first=false failedBatches=3 checks=10/10 req=8 prompt=37140 peak=6118 102s budget=526680 
20:54:40 nemotron-3-ultra T1 run 2: stop=done valid=true first=true failedBatches=0 checks=4/4 req=2 prompt=8337 peak=4401 32s budget=550609 
20:54:42 gemma4:31b       T1 run 2: stop=done valid=true first=true failedBatches=0 checks=4/4 req=2 prompt=7928 peak=4201 3s budget=562791 
20:55:07 glm-4.5-flash    T3 run 2: stop=done valid=true first=false failedBatches=1 checks=5/5 req=10 prompt=43858 peak=5130 50s budget=590925 
20:56:35 nemotron-3-ultra T2 run 2: stop=done valid=true first=false failedBatches=2 checks=9/10 req=5 prompt=24373 peak=5759 113s budget=657205 
20:56:39 gemma4:31b       T2 run 2: stop=done valid=true first=true failedBatches=0 checks=10/10 req=2 prompt=8357 peak=4441 4s budget=665562 
20:58:03 nemotron-3-ultra T3 run 2: stop=done valid=true first=true failedBatches=0 checks=5/5 req=7 prompt=33269 peak=5325 84s budget=715783 
20:58:07 gemma4:31b       T3 run 2: stop=done valid=true first=true failedBatches=0 checks=5/5 req=2 prompt=8629 peak=4740 3s budget=724412 
20:58:44 glm-4.5-flash    T4 run 2: stop=repair limit valid=false first=false failedBatches=5 checks=2/13 req=14 prompt=85833 peak=12089 217s budget=751437 
21:01:58 glm-4.5-flash    T1 run 1 chained: stop=done valid=true first=true failedBatches=0 checks=4/4 req=5 prompt=20461 peak=4307 23s budget=881789 
21:01:58 glm-4.5-flash    T2 run 1 chained: stop=done valid=true first=false failedBatches=4 checks=9/10 req=6 prompt=33821 peak=6706 70s budget=881789 
21:01:58 glm-4.5-flash    T3 run 1 chained: stop=done valid=true first=false failedBatches=1 checks=5/5 req=7 prompt=52414 peak=8016 43s budget=881789 
21:01:58 glm-4.5-flash    T4 run 1 chained: stop=done valid=true first=true failedBatches=0 checks=11/13 req=2 prompt=18159 peak=9919 58s budget=881789 
21:02:40 nemotron-3-ultra T4 run 2: stop=done valid=true first=false failedBatches=1 checks=12/13 req=4 prompt=26700 peak=9453 273s budget=898819 
21:03:00 gemma4:31b       T4 run 2: stop=repair limit valid=false first=false failedBatches=5 checks=2/13 req=6 prompt=42213 peak=10472 21s budget=941032 
